// Jest Snapshot v1, https://goo.gl/fbAQLP

exports[`The About Page Component It does not regress 1`] = `
<div>
  <h1>
    About
  </h1>
  <p>
    This application uses React, Redux, React Router and a variety of other helpful libraries.
  </p>
</div>
`;
