// Jest Snapshot v1, https://goo.gl/fbAQLP

exports[`HomePage Component should not regress 1`] = `
<div
  className="jumbotron"
>
  <h1>
    test title
  </h1>
  <p>
    React, Redux and React Route in ES6 for ultra-responsive web apps.
  </p>
  <a
    className="btn btn-primary btn-lg"
    href="/about"
    onClick={[Function]}
  >
    Learn More
  </a>
</div>
`;
